,0B>5|5O*4) 1<>5U#:0{0%0W0"0"15=PV0;L&0Nv0 2Z0$x5>60F0)5I$2$2C044&4]0f5(43"*0b07a0U*80#00)y05}9.4=0I)`0;0R&2`383M0x0J43<0H003`1-030*3b1=142!.5!70p4h3j0ZWp0%S0-13#061,4j1"110c0.422_b2.5r0n6E"2}0FN0:9j5<3&144->5l4Z?:3}U09n5r5J0I=2(1"1!0)0XB*?0Bd4b3V.3-2$2F-t002"2q0p4}1,1*R02E09084302*3944>5\`32:62<243Dy164Q83Z10144S:4+h3`X_Y83X<4n03T0Ab4>6TE0$1R)2Mh0v603^x1X<3(@0n1HXi0 &C<401W,3Rl401l4,3h182X0-}2G0z5v5*3p1RW`Z2WP_-<164z6;1P0^N11$2Mi183:4n2\0d4~7[0NI6M1V1h2'08_0:0%@1H1[;UV'1U1a1R]P1=3i2l5G1 0L_?Vb3U&2Z@2.4&3!1An323E1K020=4]1:4.022'2l0d3^0>511(;2w0.5[P2d4L83D0(9S)1~6}3h342J1L05*3r5C:1\11F=5%R_1@KB7W&4D 1&3L*3,2215CLQ)25`2.5P,4#I3*4f0p3W1(3:464,3,2p3P3,3|0j440(2(2(2x5@3/0$0c163Ff1J2.%s0[Iu0s1\X#t5p4I83n5<4&3`2n5j2$F|^12<2D1b4}4,4>4Gz5El471]23s2Q06M2'`v6-3Q1I0&3W50S1ZM41'j3:4z6% %1$1$1j48244 1*4s3~703\2>0<57KI`23<UIz5_91:2"2-.5P4Hl18x4X1 1x4v5.5v6U2|{/x4|5<402t1P13'3U,2f2K102$2X(39< 2Q2$2C<4]24X43$2W51{1.5I-\?9)`2x5M3I1\a222P5,2LM/19<3MO52&3*4$2:5<B,5?1d4:72.4SA0*3 *G2>5LZ3 1$1(0R4223n4,4f3v6"3Ll2z0 1"2C1D23143[1YL1p3>6MC2(2_K2{b3>6?2\3o023F>4CA1^x5 122|65}:5 0v1K]3,3%2Wf4*3X`3f5x5|5`3P,|5.4f5"3e082"2v223A 0x5[=TSb3S|5"1F142.1Zf4X2"3~624W*214Z4Kp3A>c2TT1A281h4|U3UQ323,4"F2-^1N$`H&4v3,3c3U84v6B+023Zb4P6P7$1 1R,322*4QV2"1:48r1N`2v4x4"3#CLf5X?3AV,401$3PD?01Id4>1%384OUW_2 1K3/2k0C3?01a3BA3c4V(2n6 2a4YX3S?3.4 123,4)3Hq1 AR*4)4AQ$1<+1/!.4s4z6I~682,6"2d3z1"2@4Co17,3x2!285\"202EGK4&2l584>6(1Y0`2T2>201(1,4%|6{d3O@{`2!3u1C9,7;?At5`2`2k1.25h3&2+2)5l4 124GJj542Gf5M4l4.3O%t5N02D 202A(2# 1f51_3064n5S2 0OPG363Mv6]83$224^W#184.4\43238302r5:5$J@}t2<4l5I2<&423}5n6i3> 1l4.38b3?4;23F344v6)6O5.~6&4GF-4.583c5R(b4|6Q<51543Mx4W$F?QUTq2 2v6*2H2&432,885A4S,2(1j5L2%486Y1[2g0"3TQ47MU]4$3CT43P8o287f492,2[,3V88:3<Y2W2$x3o343U402De1,{25{[3v5ZK5{3,<5O0TVSz5~7'4JL]%E2A}6~7A5&4,9n6V89v6"3O23+3,(3B0R1r4.Cd3=<4C4E;316l4(2W3j422b3*3E6Dv5h3l5E3S3;"3y2p4I3 1:4W4-5_1*3>V9Pt3Z5C5VQG<48p4t4V=23810p233%5$2LN2V!4*2}z2S4(3:4E64&4r5Q*4N3^.4%>5!5[ 2>3S5#2K6f6B1942d3b4&3Hb3E=6';4|1=7B2r4JA$b3*1)t5,3h4(h3<3E4K<#3,3"2/+4;4|6t4Q5>4>5j5:5y3&(1WDd024.5j5B3h4EB>J$3T)7m0`3S6|57g1IST3r5-6(11*2(2"303&5Q6Vn5&4UX465>6z6=8#4)8.3d3n5YAt5B&84S7B4::5m1\4V3Z6R>5G4JF8[[&3&4*2`2:4z6N4:5S8DUQb58 373t4:6-7C2}7Y&1"1-|5U5 1O(1:5YH3#5H24v5|>5&3+23G,3RWY;>5-T4"3NF*U23_403'5h4O<6Cr2 4u22p3N43*3e2!6h5s5y4}8K--8!703u3#6l5L9,3G@h4Xv5 5M5>6<5Y1h4>6o4"5:5v6JS*3W5<763Rz6|W6h4~7Wh6:4r3]5J:4,1044&(2"2n6U6<b3J"2t466@5_m242Y\5+5>5O1d3+6C1}74n6%F23?5L3WJ$3.B34x4m3Ox4JJ:B5n52N5w1A22l4@6"3t501<543r4q38.4K7>U702` 2NI<3:7&3!8NRA6"\r4 8Y@(1z5X~7+743EC66,a5(!9]d4+CAF3|5b667B6%69h3229:4|6S/3a6b3(2$3XA72&4$20WI)&6t5$2#7<8=9.4$3Y'*2~624[4%725"24402T0344O2:3K8(1;u4:4&!10S7)v7m4`46342\j4h3f4}Uz6Lb7a7\X5q4U`364B7C{T8=U-<3X&D[5h3<S9"=10A<4x4 12684(2"3 >50`5TWIf4~622V4K<4\6K2>5.5!|6n5|83<4f4U.5;5Qn7r5b3!7502U0E5v6.4!U&283m5y5$1F|?67?7=11$2TE02w2"2,11 10182 2O+823<"2;6}9(33$2X"3B93$32301;7;VY3K43&2E623TI<3F&2_5l3J7601E68`545}10u5Q7{4x4<402H-|623f7a8t67B83-9"3`6N;23\7!11SP"4E7M677E8,2$B8N02VRj4$2o5II!12t4d4-*446)9:4i4DKn5:58`2<4!Y46_6]6r4O3:4K9CU89NZv5i52,4>5v803!e3 j4M&717h4.3.4"$443Aa9QL46X6+9`2-t7|2"26412r5`3.4/b3G5"284M43:4U64t8y6x5Q>6'Y5I4_7h483l4UP9S83{5E n5.40J3U<5>4>T5z5|6P*3Kd182D3k2F`3.4.4<5&3v5.4*3J^b3"2h3:3UJ*3$2Ha10]782/<443s6F4t5z3l5.4*3O>:3)10h4UT6_8;8;964m62E$1 6J/4]{6[6`2QU~7S10:43542U<5-10f5c6~7Jt9'+10x5B&r4NF.4N21 1/5Md3"5,2D4O:3W7M7*3i6US11&2f4 764O4,3p3q5LGANf5K(2A8OOJ4|3-11N*2|\853f8F:8]V5l5n6>4,3V{7P*4c7p4.33c8$2f5n5?8r4"2t5.4TY(2RJBUe4(2-12j6b8C82r4Z42}11`v964/23.5?9{8g2YG@t543U941"{9.4#801S`3<9RSP&483+"3 1j7z4&8|5;t581&9X&2}Jj5"2$1h3MI01]r6083g3j4\9r4G6I 8$2.3n5{1024D54H4D*4>5,3T|6Kj455x6n6)W803:4+11b9o6j5p3p3M8,4/6Y6*4d395XU}12$.5}R}J5x4&2,379r7p32G7]0p4A*4Q8x4249v6p4811e5+12z5V6E983(1,2,3Yb4V7C7Pm7~7l4<_Bf9X,3KKOc9h3x4U98124e6HBR,2"6>696d4 242>6S<4|4"2o7`73I(264Pz5^"3B95%S12$1&W&3X{11Ql66:Ws747.4l5$1z6t10 0G8y7i7B,4{"R2YQRHh3x7"*5Sp4723P10R|564"7710,3HJ<42-+7I834n6E)029k3s8MM97<10C8k4W:5Y7H5T72364<3_9E10d2Q:4o8*601AX7`8B{UUh7d3E11X844a1124"2u6d3E?1023t4 j8{12_10P11*|523N6m8>5B10 2a12v6(101b3n5p4|?75d3.A9"3MW*7GCA10H6/7$1W"2~6"*8Y8"3n6XGZl4M8|6"LL5~7|5TR"8C9Kd3FNG+13}13O5>6 2FZ70A11A7U*z6Zq6*4>5_11x5J0(X27E&XHx4(2m9"1Q.4O6Sj5_12~6,33k5b3(2A24E<4VQZ8(|648:23Tf4^2,4P12M918]7T23:3z6\$W++14#9"3`3:M}3(1:5;o9`3>4"3Xh3.464PO7,I5`(4{:5 9h4)+GF5z6P13a13z5i8t11V^KGj5j5|5{13$69v10N.4$:9*3G9Q>5a14$3z6m10~6]8t4"(1812k6PNE{711h8r5,4"Y984c10:10S98|5z7'6&443TL.4.3e7>7 0A83&3Q(2~6*z6:_1356t4<3M10"3:#10(1Mh4t4<4p55&10Xp3L_14V804"9 1_/E12u7TSz55*9h9"2q7U10@7<4x5/819M11@#11}14.3p3712s93m11?6p3h4_x82857M^E3I83&11:-6$1>4a155v11h349?8e8&2$1U11m1243)11NWj5#12/,12{0v6F6(364{b3x5*4`:4|502s10I6x9GJ6H/!7d4E13B11A12*364j9O\z8J7?W,13V#13W;c11$1O801[|5R$_6|5ZH23[7,1443(1'7$"2} 10u8>Wt50Zu9"2z9*3713T 11,4C>8.3YR]9CJ8:11i9b10Td3g4(2,15g5Sd4{14p6U3g6*2/9F:5 `9[8]h4=p3$3ZV983{|.4b3!%882h10X6e9Jd4|6N7j10,2t12Y6384V9=r8Tp7A,$5~7>6!OA13,3P`10UT8r4H>4 12&4K&2<5"2_Q,16:3IC.302U12*3"1002t13Y<5EV10<111p3N8"L29X9m13#_15W03d38(5Rj11QRLG10)12,17C}<12X<443Q$1/10%9610110f4b11l5{f10h3&324d4)13%03f583$2>5S13Q>81383Z936"X 13N$v6!O9Gc12<4h3e10<4o1043|602t5|5C10x4a16<4}N:58(2PE|D!13.5 022 102,2.5i10D&32258M12:5IK)14)15714&12^6<5<3HQ(1I83d5JY10/a1743*3'F.Kx5$6{y8W`F<13i119943J9i12T:T9a1822?$3@FH7I)16(2 005$p8U|6U.x4*o11z5At14"2(1@87x4<4'84P.3{15d4`264z51#1423['8.5St46324.5%10LYf11}15G(0202:3Ph4_<a19\10IJ>9v1224A14$302*3>4H8 14QEj5>4N}01g7(223*2ZN:4<5/111X$2T,2d3`2\11Gu1083K10N5e11;10<4i138463HK11.4"1Gj12(1x5^715@+15+16.6t4J<3D5B=12V11|6h11(1J108223ZUN9;?59b12%11v13 1E14)17c13v14INt5RF7)18b13"3Kj4*3t4n5c14"p9(143G11b3410"11Y11Vn6Q9{16F<4`XY12Jp3g8323$1 15*4H]!&3\12l4{178{1863421(37C$7$@9K02"!SM910=13t4x5%VTMO10U>6d4|6<4_16210U=]10:3<3=>4R]43$2z1064[9%4|5[,3p43;*2b14z6<&4*3$1P14x5#15)19N&4]11.4 0K(2'902=j4P\13~7h4911\14T10LX>6"1.4O11;11E24'10>4!140a20P)b3T11T"2>5 2l402U13231V|6*-{>@10G12h4O|7F8$2?}`3&3Z~6:4@J$8$2B`3,]12_)*7X1041163VR 169$3Op3611x10W9O#16*3Kp4QKn5p10:5$9Yt4{1922E15`2.7p4VLb4E)20,3|54w3"1.8j13|6L6 123E24 1')W,18l4|6C_17TK12`3x4>10x5;12Cr4Zz6&3s11x11Wz11f5E16E17d3.4\0N10E)t15j14Y:,4 2!15b35Y13;k7v5>4g9LAw4f12Ts12Uz12T12=1443z6M13-41284>11r4L7r9r5Qf5EGI(3TC11S14W10112t16P15>6d664+236HY14c15>5#>6i14A15N11Q10&3 2$^113' 1R[10)a21510<384!H>5a22:5T1337WI7V&3L8+17<3$302AXE(29p11G43 17En6a23t17V<3U`11-13r10U{20'f4G}x12s13E 144 ,19>5_(6p12Q11o12+83P16$14F9,2 101&>5$1U/11&3(1Vm14:L&2v5"2O12d7>120l7K13|863V12&3"1$h3d4*4$e12 2~6M{21.3=15t543.4>5J11u111141`12v15P-14,3{22+^3m15<4b4-15t188p13Yp4V115f13SW(1z5p14g10l5t4x13~6 123.:12Hf583:5$3Z%4.56F<4K14!16l8>5l4a2482,2/\G|5XA16d8b15|Sp3Fv5%12u12-16_~7\15I8$263?XZG1383:,2\16^4S:A#17&3b16.5M14{23>5.4}~6n6x563.5H9<L9U~6k8O211&2{24Lr11Z10F10G06.5,3_.4M/12}(2x5|9V814/>4!Wf4M 1_T14s14q8$8422V.5j4Y15W&13YS(*3>'%&3%{#&3&3v6*2815Ld4W]j4'11{f5(30V*4i15,l5_;d4$10Y4`3D6T(1G14?07f14a25c16Ob3\17Hd4c17,4VF11<5IF{116"242L:5`A17C12 2,43E18.:3V131612r5t4Zz6n5.5z6K22Y}16Er56P#18R>VN_Us15(2Ir4*10=P;13MG15WJ<5w5$2*11!17)}17h3 1;622X11,2|5P413:5'`3UPC`13"182~79123+18}18*12l4$2|5v6PN?1123Io13Q12]13&3.4/13}UP(7g1143f15*4)21Rz1342,4A18\83`14+19@h4{25*[R/LFLp3 0{26716v6 122*2G16*2n6"2t19v5B<5_(1#19Ae1363C}19 1h3-x14FMf16 18717h3:3QH.|6KJ=16Q13Z23|6Q<V102W11&4=17>4YW12,3S?SV14ZKVf4X@V/'42L01:4CM!1823_z5t20913#MOW&&4L_E19$11;L10T*4F12~6<4OWM15>K15(224;C13w6~6<4)22Is16V<5l9>5f17T1501G17s17f5f5 2/14U<14h3AS&2;A+p3VNz5f4(1U|5511H+20=18@8484414UF63,3:3M>4&3)23914}Q<3(1}20L:3M16:{27MP1>r4<[11t21 1O+h3Q 2e14%13:4t5/~7Vf5b4d3 2b3|5>1384O13r524[f18;14x5l4W'M*32N12|6718|6<4,3l10h343,2f5h12J5. 19S15!19&3b3|10.383<3W1308g12_18]14E-.4613E20v16K&14d9`2*4D719.50Fu13K16Uz6664"243Kh4~6{28l41<5 2?>" 20Q14Mn57<5&>5 1m16B12K17h4$3#20415n543y9}"2245#!A02"3<S`3<15&v1742W**3 2m17L.r4m1824==19=20t4816t4B&3l11E21KO1422X12'I9{C14&3s18;B139:13.B14(<Wu14:482N-(f19c18J1281783,20%t4"w7CK18<4"6l5>14XY01"{ZX09q9.9(3[UIC15:14P17<5`2>523D7x15f5$,3%14@[12E^5&3 RR37N,21H[T16E8b40v18(2Z$3 1r12&H$2|6.4$2U`3,2Zg13t22~6V15H10.5@<3"2p3E83"2"2=21BL119l12~6H11r13y1082C16A 21XJD0NT(2`1543J"m19x5<3416$A19h3[13?g14010d4p4X13;417E22_212_19:5|11%15n5(822"h13r14f20'12a2602[x58|12L12SX14512?12,4N13|5#}2102*3x5:15>5I02WRO614>4D8|1343(2>5U14m20"1$3;1502G"203f5:/L13S16HJ,3>=22x4w8720|*4M17T17*3e15&2 22x16%16m21,2:4D 23<16x45e16K19D38:16HW!"615"2513$2c1902~6p4t5818g1501z5l13GV{29L83:4|14A20r4c20!20G 24I`;"2v19j4a27(2,4U2 O15J13l4)2442d3j15O)R[1442Q}222Ph3Y,22,3UG"2NC 0j16J14@11|15"2+ 1I4A<5:Pr5f5N39j4g16`.10G[15;16.5M|16543B43If4}23a28s19D,XXN14d3SZGv5DTZ-17V16H117N15?1302W14X15/6t4)25YD*2VTg17%NA21m22z14PC43*13b3&3d10Q`Ob17J15*14W#21*3`2S17:17KH!&3A1W"!418+819e17N1OXr5P.443[16JH12e18].4J.4;DM18(1!=j5z5Tl5&2+21x4"d3r4z6~7O16O17`37g18D24K20L[17z62]i162,23+22NJ16.(2@12MJ17"2w9L14W15323&4|e19x175N16Yz6y11G18n8ISM|5n6Y16v6&4l5.5$2`P18p3d4Ch4!z5{30,24x5|17&.3L15;S(3|Cd384L16@|6B1503&15A|:4C 1-18k9M19HL(2_20x18-1943:18:4+V17Cl14TBYB1<4w10m23K44P19i17r15T<3;17{31=}24%174463},=S23 0E2303P2061643EX&3Wq10W,2d3J18/:Z11}25o14>5=23&3\VN<5C"3D03&3,t23<BSj5V^622I10W16 25o15t5J,>6 1{32Jj4Lb1802>4:5X16,2Z12M/.4C"2,2RO1823LE_@13`16P43,25v20q11&4<4]15:443\18GNQ15A22419d4011^7//15b4:4{t24i18DVD&168721}^f5,26O?J43W17BF13 0514j5VCMV18:3V|B16<4.G19T,3f4643645\*B17 0"1HA23=24, 1E23'1302 26o16PMg19HK21>6>6:4m2443<%18v2124<4T(9z6p3l15<522b4t5^8-20X,4'51583Q$12Z42&3So17]16]N61743F143M7U15t4O43310E24%19"2l5L17E'14S6w11(2:19SX17%*3I|18<X|5<3Zb19D9q12:4`]3110$13R423D10h3{33K22$3M2063O19.5&2*`2-S'I.5;18}26Dp4*3Q$3@14Jj4j17i19n9"/16&3:20T]17.5n10.Q16v5:3SK`223<4+R0 2"3m25>5Z/j5V5(f218Q>4:3AO20;R5^(10P$1|01N02 123L18x19,4T18 1X18J312\C 1,3Ea29:38&35GJG(3ST0q13&2h3n68618n11M218D11~7p15n12DN17$2 1O/17.3t5G<5R6"1*3V19.1184L19Xh3601n6N+U{CU16&25(2|6 27IXOX19A`2;19820Zf226213012)26^9h14)27t2542"2_.542Vd3&2G20*2JVBs20Pd4h15z6516l5F+23"343>15{Bp3!21KI^z5,2.4o18<17n1302442l5u15&302$14~7|7Fl49Q+821K23CZ13DDA24 1$Tm26.4_+24V:21+25l4Y17<18:4M(1EL:4d4p16d4 72264FZ14;20L20;21w12<5Yg20 28(2B+26>64382723Q)28,3(2 1"2N18W1831322!NR(2619h168*3%20118s216402s22"12\:6t26'15M22#22013f5*4s23y12420M23 1&3h17W*3J/18M|d4$2/j4M24*31j18;22,4"13"2$2i20&2|19X421r16014b2023SR7E$283b424:b3D(11:4(2V20w1384*2&2R^z15AC,3_x20Xm27D12\19"19K24&4n6|{34>RA|Z<463LMKb3X20_21l4T19B18 1:>1643O-21BG01[r17c2143d323V21^10t5<3<4N422t5t5;b211z16j4e20Y18&17<19w14l4'n5(2N1902=4302U17i21Td4DN20{U18|20Kf4Uf23,.5}27/19HX|6@k10<3G21-620z5(12NOj4E<42Mt27`JK25^118TP:22"9915119#-22A^1202724'16`2G9J>5D.4};23x21`2120<5r18>6&4F15M(2{35&4226=X^13:X:4k11y13z17TO`.:5 0-043|6\20T*3U19,3&18D.5j5O21]18:4`2Q3B19"2`2f5A>Dz5r5.n6}28<4R8\Jx42 1h4R&364<5$2015<3B:4H&4Uf5314A25d3l16A26>17`3O(2(13&19&2!22,023&4YA[1822822 1n5)29'Y19Q17w15K23.3H)30|5 2(3>5T20C2322-24j4'17"1q14"14L&2V&2042344f5;:423&2_22z6121`3>4E25.9p4b22w16517X&21222.1242 1"1J19R9*3"3"\216v5PM(14L21`17p4&4:303r4'424| 29 184A27<5g21 2MQ18OT21@15:4AB20PQZ=(1%21%t4X<4&3:4016v22#I214f24<m28]?:4M-,2#23$2823^b4%2283`2\f4G22(3D;q15U20&4v5.5.13.55Uv6?14&3023=25n684Z15T22FT23z18KB21$C82E&22~6"W'18-23Q19b3t4TZM25:5Y=*15Hu161<20Kj4b23B2243I11d11<21LPj5.F?15(2*.5S|5?I12n14$202%23E26Ch18t4<4n5*16Vl4$1<4.5LL22o19| 2}29D+Z16b3.14O?16M265I<4&3i22ZS18S19p4C:5]Vw17+27`223>5<4K&4@16&U21E``S215;\22G23h3MQ 2J@>44?31542725.3#(1Bt28122f5,4"3OVS20z5:3b24^$3[19A28n15*17.Y20n16N4$3M.4K26ANh192421663.4264y14-24824 1Y21J.5S<4^0h3 1>S02L)b25V"3J9[20425~6`3f5D13!23n1702f5`2^14$f5AX?(2H02EC&2r4x5:4}30)31_IB23V22]:4_$28a30W.15,h4`2JJi23v5%F*363k12f25I13`2W>5A=26p3Jy15NC&3I$2B24L,482R"15Xv6G]]19L%24"g22q16h20$15|21%25V;24=\PGA(1L 1c225017&3`3M27DH13621#B25>)D14'196 1SK.4:4=|K2703Nr19>4b4["&383LY22y16Y}31^151=27"JFF84\23+28a31C17R<4`J#<5;123M28F16(OP02825b4T3,3N_23*3PK28DR01<22^;_24Ld4[219J:3TU!~6 30k13.4|5%26-*18R10R0231682&2363<4Y23S21z5p4*19-,47Hh3{Vn18f5:4n5f503(15*3r4622Hl17$43<23&4?6Ex22 24$2<4(2Nd4.3i24E27p302T24,z1944'l4\24(2T`18x4:564L23d12r4b26e214 15{36^1684"2n6S6L24"3,27"1602B;h4`19x23]QZ17)`<4o20F&4m29G24?17W]20t4726J$??T'20d3`20D15&24>64Bh402;l18P,2Nn6|60183$15W19R11v23P+/20>4/h21<5CP$`216D16 31<5"r5k14WC18=24q17^L25j5d4k15U`22*4A'f4:23~6WK03 2O22U!019v24217L26M29}&25q18Vt5h3~7J$16,2q19518(1>4VG25 32L27W>6Xf5|C&269f58$1\"e22|s24>r5SO(235194H14Pn5[22S22n6`3M:24=V916#|22R12218Qr4*20S"(B@17^Q1!24'`P 2L83`Bz6n5+&2C19t5#F17UU22:5`2,4423.B02Hj4$25=<31)Y24h36<\25I14B26#z6,4(16H<5(16t5:4V23x5\4k16F~6:<5n19b3(17z6*4`2I15;h3s25W#BY43YCU{z20O1l19j4Mj5)OSCF18*3.5&2QGq20<24l4-25"28K&33*21*483y17`23L&-26T*3z21>6$1E$2d3G26,28S<5}32\$17<25{L28#|6Wq21*3#24>4T4482642%27E28:3b2723L29x5\265=%[23L727[24+U23z6*2j5623q22z22D17<4r4624+299i25G01J20;25t5B27j5H 33:3'21@x4S>5'02HT25V24$1n5I16BJh3|a32E83f26.,29z5d13*4<3#MU2483n20u17"17] 1C20X2w1802002}<4]21Dt29[25AV25/IDU2523d14T26219l4#j5TQ|5220Pp3U26Dd15&2o21_.5,4X21M30<5&3021M02Y25N21&383&2l5CR*2"18H5206Z18j4&2124`24&2YQ20f5}338.5$1J9W>6317LA}34?z5v5v5,3a33@18 1z5p17?422Q21<5+30f27Br4,47>&2(3QG27t30&27&3X22?18o22"2^17/JA29J|6S\U27$18917B|6^18D3184.3J21R0d4Eq23>FBVn6343,4]l4BIT27z5A,36t31#25e23<3G28X 2)E29>59L918,30d3!25Ov5B|<26D18[(2F(11X|23V"1:4Y26125*4t4F19N22.3'22(2_25SZ`2t4u18q24Z19:25&431963g23n21F*3!23A>5'236L30:4y18H|6c23J22<27&d3K29(3N23#XAx24.L31-$25217&302:3F~6b4M31L3284<a34[26"3.3`2`3.5NODp3RX23Y27l20GA305&4W20$1@L 34Fb28EP21"2:3(18.x4<4OR13p4r20<28,201<3919z5 1(2|6"2>5'24]?a35,3Z20d16D19;82+n2201:4 h22,2l21v5827,2b29,x25728?19]YT*4$1u19]'2502l4A02*344+m30m3144C21)32 1j5x5*2VU28n5*3i26>18#b30w19RG2964%&28F^19,3,39C22*4^320$2^20831b31:5\27&K30z6d30828JMz23]23*301A,3(2[27E30A126l4@19o2383H&3*3Y3SQ229:d17`25D829,31N|5&29b4q25X(1984r5,3Rv25UW218"*22`:3 1Uh4t5`2;26W22`2701(1C23`2Nc243|24^21>4o24|6<D.16M~7`26&3(2C24=28+31x2602*3#022VE31G023F&308P"2e24n23Dt5(2|6:5@20]B28Q@21f4426*4EZ21W@01~6P0\WZ2263:r2182&31t32A&32z6=29;27)33Wy19e25"2r5/::26U024MQi27,3>5\287P<Q (20q26t33I17z6Dj4OG522DN24;;28x27P&4o25"19v5\'26>ZW23z24&2c258;29c26(2I18Z&\r4C25.4#01.4Kx4Be26j4$3p18v5.O23`27LE920I1952343{37Q23a3601ZW64:4d4v5t4025v26C43BB44D20Q24Pc27y20[2864b32B29XG30X24z5,2E/}35[.502O24026p3n6A"1n6Y28$3 2XMVDL33l22A31d4P22d18n63v5S23>5}36CPZ23$1n5b4>5XM32921l5T28f4.17Y#[x5.5D219b4Q%28+s26830*4H15,B-27|v5:5v6Cl23>6221(2831.482.3A32S24>19m32>4*3B24&3H16`2D(2k17`3l24 2~6'27)F20.3)|5Y29U29Or22X[29<3524"1.18$19j5,a37 42+`3t4k180E<4z25>5~7?v5w20Hl25:3:43.3:4U~7)34h4E 0$R+32?x46b33f28=30R.19z6*23(1J23J2402C26.j4z5HY:4>4P+33`:3Q25b3V26?|61O25,4s27Q26l4h2303Rf4;308X|6\29#Q27*E$243>}37b3r4Q<5DD625:5U!ZKR14x28O26NL34]22%29e27R15<443U`2.5V27UETU30+34027B30"&3f29832}XS25Y?20`2T29&383t4.5<5j5;L`28,32<4*4}38,"2Sa3883@22n5:5"1`2G"1`{v6!26v6f5b41L35f5`2i28J25<4.4q27.3K3183R16z5h482l5[p19x29(21427[RUr23-2823=3101^22 2g24j5<3Mr24t4@r4l4LL626N25X25r5EDO27$2YG;31d3;32I01i29F222 1"3|6L23c28@4?2122833(c29 1p20W(1729v5b4,4922:3<29ENE}39Y30G$1v5n24{"3$1`.4`29<30>20|5Dj543627<4XG4d19N26g25p3'28H*2LH177Px4>4`30d4]23Hb3&,2(2DX@a39q28p21:4K32Y`2127b3d3J26"2<3(S8@EH>5B83<4&Zu20K33VV28?22p3:42*.4^CJb4`3VOT$102*,4r4II20L36-r5#483428y21I21"2:AZ$2'29t5.4K`3Lx4h4^e28H:4&4O28.20<4|522l4P23>6R=32-M#26|5.5h3b3P24`2G313f5Q"?l26`&33V&31(2|`2p22:4F2142k19403429{|*3,3p4LQA6,382#"o26+432|25L*3?"2,4K^23.4`3e2923%302301t5XYVg26,33321923d344<31/21+35G32-=E32Z23!27j4Bf30{,3P*3#27x5X[NSP(2v27\N128%&3g2743003"1[30:3,QN27G33x4$1/22d4R!28+36<5z5@l27{385?X26G730HX27<:3A33Jg28'B;3o27&34Zh4:3&35.21(2'30T30QT31<4`83E33;33+l28R17m33.3+*2j5x5E*/(301!G&2j4U31<318\e30+2<5'}<\,2*24K34$282Vb4m34j5Q283z64n64317V628(22,34a40@l4b34F82Y)i30UF/23;343n6%HTB31U32DU%31"2%32<32j5<33E34J924h4N28|j5;Q-29&36l5S629(1B/24H18(3322X% 2823N,3`31G34#p3(23ML`3p3&-S26>6T3202834c30+:5'Tt5h24Hx5)35$3"1D>6JA(1M5H~7j5$2O29`3|6>21=I323ON29?,3OS=33:5W&3|.45}`_`32t4 01h464&3)"1Rv5$201*3835t5-q29#28|"A3484Zd3o28|26A&302t4J731,343RF22g2923d3[31|61)X28I22.3EV29 144X29"2p23n25v2824$3Sl29#ORT33V30d3(836:5}DQ432o2922(24:27"20)36d3,4`2El304Uh3z563<3r443_26.R~7U33UOJ27<40{E!QMV31/QBUYC}x4r5}40\525S2723526@"f31U>6R\$3|s2843344G|27o30Vo31T`3&p4`2P&3B.@129@S(224<4If4&2~7"2X|6(2l31434*4&37&38UU<4;34|/25]&2r4!>6Z3S28 1:5Ph4X3003i31o32!C27n5{L37<4(2:3[32r25,383/|2823$2f32~6*25_p24t5O30<L38;35W24'~642VRt4925OHN$1>4K@23V837IT34N30q30t5,4{838QT35.5 1j5?"21*26U03<`3~7U34:5!29E35A84,35{39"1^Fr4/Y31W25x4Qd3#29G35s29$2JN31In26&DG36 1{4043X31839^y22F&z5p25h4x30,x4n27 @a41,],2;,&4j19203,36>5B&40[33JHU35_27N23:4Z\30`2C(223] 0f5%(<3Z24NEF23(2(1L:5c31^24%33Z,2.5130v6r26$23b3E>4g30$3HF24R18XK35TN32(25,2/ 1(2&3q316&2QUb3131X32U82LD22h3W26E36V3222|5Z25j5"NHV>p26=GU^25S29h250#U36!Hf330244R(26]$203$21DUS;36:4U+43N33DI'$2`!30"J28132(1!312$22#k20=Vf5{41,2Dr5%34~6*27Z26*28(2!32#"1E$383&3O:3"3644-732"2"2U37R 2-30b35j4"3B32W,R*3"22926^$23<D23%35+1TUc32B33-|i32^I23~7|6{<34420301d20X1PL/26Se31)324$24M33840I24^)37Z]K36.5[P25B&#30w21>22?23V9WVQ,3H22NW(202&_28G?24+37*2H19!33h4f5Iw22_.5p4C`>5>:3d4R19*29:28Wm35<4G`p3(3.5>6,3Bv5#J@>|6E733<4.22"3s30*30D24|5]"3.4j5`2038343|29:4P`Vd21A35Xv5D25 02|30|6v6~6E37G#31;37.A 2k21O31k22b3q32"{b4 j20\31Z4242=34>4Z{83<5Z'P$1F:It5B$1(27I7f5:5D26x5d3822242Hf4n28&39.4(2j4c33R20Wy23s31d22A42:29$1y24|31527>23.5.4$2\d4_i3343d4~7A36U38`2Gt5 1I25=35W]24:3L39C28630,243b36@U325^26^27ZG<*3B34(2<OY]25'24&,2EI24X 0PA37n6f34Eh3,3'u21X!U390 1.23:4"3Oo33W27D&2^28(2&3>*302<3524>$2v5ENn5F25T36G37>5Hc34/X.=36g31|6(2801l32MB35L40b3L'31M34`2*3,4FK37%36n6;EM+38)38A38Tl33P26n29631)39r27K38K39FT3702+j4?84CLy25j4:4[MSc35$TL410w23$3&,4v607b37$25C028K927D2UCl5YRh4~7A>5e32P[I'*3103 W;"S$1p47Pp3a42t5K(29&3*3'OXS83o34~7HP#`>5b3Jd4E}41 1.4LUz26@a435#;j4En5_29Mu22SB#64:5(Q29>6HIj5N>5b38M<36E\$2B43x4W;e33s32(3$2&40c36DLG?25*3Od4[34S>402*4 143:3h4l4J29N(2b39y26S30 `I2624 1T-31&2|55Q<3>6\a44N83Si34Pp4Bl4T"23i35%37*4M35r48g3223{42,3e34K-&3j4Ct4p27>402$3G38E*2L42734u23J30<4L43L4422k23K*'32 -j57:4l4%r5$3A39^29+39z67?"x31&63.3W>483I>X33l5+40@24 1z5@2584O32WENVj443S31{IF4*$H"2*4&3>U4023#s33<3)40 TLL45P_24D27(2K<44K4083z27P27r28J31T3r29[>5|ZGx3244\32NBV64K41,21F[35U`3C.(x4:30>23 0h26P23>5HSt34,3V&3}42N34X34\`33p4)@K42&3|32<37r30a45"1Zd4 :31*3 1v5&3&406p4T,37}L46~69~7OUWb3::O 2841 0^528.t35\33/"2!r31IP28x33<"2b3b40l5WYv5n30"2529#029O33=t4Uo35 On5.EB>5p28*4K43>56(2435j4j21v29A40]q33(2g33w24x5"3,2{43*32ZR23Z=<38Db41!|&4h3c37G8264{44LF/0E=83I27632=~6t36:ZP(83(30E38f5M36*33"1E|6d23D43~7F|6?26.D28O34M24238NY&2D5,3Q30X35702}43``2C29F26)Xd4N>4^30~6"3}63$1I$2I28`.4>6[P29X36d4<5b4E 1D +41)D29Rz5|3364"24<402R21\r322D]26`34*34@26H20t5743613363,<64U41=(2``@&2r33>24Ix5/$26C(31WVf35p29r34p30L47V33J32d24j2223^225437Z27.5Q31V34,3326v30NA41P30XR22`|348$271Jj23$X37WP31030C30P32Zr4K44/Nn6z5r5W2&2OAp31[2363=37s34z523A42H_30~623134`r443]T38C(?27n5T392244.5E39b3d2583,4[361?P33D30z28q34t4^31l34S32r5h3|6o36842.24(2735P!=n6u24V35*t4`n31M(3K45!j4736_31p4E{w253"2&3$2<Z28!Jt48737>5OXOG39*3"3C31$2U'Sz5C32&41Q\34K*3583y27<5[37*3327738,3w26T40p3x4d4,2h27>5k24F 35K46&3u25$2*3*31J82*361352223F27Q32W+h3*&4Xx34C33,2B36.5Ir4&4K:<39t4KDYN<4E(1_Q{45u26928h28H,2 2s35O}44`3/27C"2v31L.4#r4t4YP 144K:4&4$2OP34@L*3s36P35$1Tr5[%T!34NXLG40j4&2d26V36K@27H&4?28P}x4}45N24?29~6_32N.5.4l4>25v6,2s37@R)41(;EW28<8^3242`i36~7$1HHKS3364n5I22U42$2t5YG\44V378r3503AI@28438e35X38f4*3U>6[#3224? 282h3O>4TF^33z6"A42P;38z6,2/28.h402 2|62243]27:&2>4x5R&382=38ZJH$1`O-:5-h29!35H2143`01d3(3M1328*3O83]28?30c38N-32MZ29,3I`35f5>5\ ?31l35-)42$3U' 2 1NM37>564z29<"2(530d3k25&42929Z3023h3@43/29843r5I29W)PZz6G41>26844d4(e36?32.5{[38T41&d4Z-33$25$28I30&3DBX42x35]29O35t5O36e37P329l5i37(1-34"2_136l4>5!36*37D{4683z6L48UV8y28;L84531,38\:3[39D31v6&3CDJ33-35"1,39v5N44Y:4*4p32F2822601{47*38p33w27_33?33&t37e38}C*2]l4MB*33 2.25Y32C]30X|83=39n32w28I 11370<4D32o37x4J34f36UCK47T42Bi38=E$2P36"2<5,40031<3d27.26*2v5930<4)4343F931:4,41b4d28q35-u27Vr36"203]31 123F;Ft5Gz5.27G42[JEt38A43+42.D^24P%38{
