@08483"0N7;0t42-H)0@O0 2U63&3(3N"2'0} @F0O1x4(L0*0H0@<5J0JH!0"122 0'1D$0>4O2z0PZ>6r4A!S42[Yd4k0#Y2e0|6`3K023R0.443.0J%0.1N0<502,3(3&3^0{010y0P0MVE60]0h0,0Oi0[5P1W0GRV01143u022G`3n0$2j0^d4 1+0*2<35|5<,4R@84}F 2|5v0B07e1|5C}.3v6.4O3IP2;CW?0N<0T}Pz5e2^$2X063|5C.2G"F.382E-V 0.4 1`c0l002l4V12|5V1b0(2t5\Ox5t4*4O,4.3-.4<343$2|0>4$2.}7*1b1?1}#u1183g0/04&KC:3b3b2C0+1EP3R50f5(1z6!.23!1_E44 E<13z5n103A$1r5.#m0:3h4$1]F181\*383+2C03GDt0H,3<4 2"2B{183W1X10Rg130b3<4&30|6UC(2$3G0N1Y,1 1|1q0@1"3Q82(s0.4%"e3x0$1Z0a02301RK1l4G42.5J1L10|5(3
