2a0=B60?0j5D0m0E02n5`3d4t4k0D1v583#,0?80?61`3M0)0f5,3V*2(35@0>6T063X043,3:3C 123r5V(1ZH043"#0<5\p4:E0B"1b4T(m1%B"YBZ:3g0I~7RE1S,2h4I0
