B0B44p3"<,4N0f5P"23Cg0t0 0/0h360r5K&3|0@x0a0}0&0b0Zr4A00290Y[0O22.3h3F0 0V+0KL$323l0?02Y0&3KY$ 002*-o063NJ>6C0'0%044.5%_20~7j0w0%1:5<3844#0$2>0N1BBz5>6F?1 1G0`3&2@L&4_0e0Y1!F1'180L0h3v5[OKOr04I042W"3n0p0<3JT70:4^0Q<0OS0j5*T,310l1LL.3*=R5K0(y0Cr5FMd4V0>6=0m0M{0a1%g1P0`2-&1(Y2f4O'2<4Y^1I1"1b4Q0E 1`3 071P 0K1n1*0x1n6n6p4&3W[|1w1D84'UX\0JX0n6~644:5>5#|(1:0H22e1Xh303z0n64n5x2d3>8483x5|6A+184.54450}18,21;\k0P.3 084r5b1m1~7n5=1>5:1 1v0 0<4)]81O082r5 1!;j5,3FX1#1T"1d0p3>h423G182t4 1O>5,3#2!;0G2^2&3z5J+2Z$1`0p4-0I."29X21k12122#Y3,3@0t1<4WZ0SX<5<R!0N2v5d4,3&2) 2N3L.Yn6j4d3.|6>z5*1$R0h3s0ETHY$2@M$3n2.461O 1@O83f4930P1U0Y4^3&3w2,K2{^"2,_1\UZJ0QCSB1G3&431K3F>*4&3842ZH0KUi0,3(362{1\{*3=02<3|5?`2z6S,3Z1Y>6'3[83&e263p3\1*2?3d4%20Ct4$2(2z1F2~6PT>4X3)"2>1D(2Q'4>5>.001|2.36(2.4INn6<4.63|3&3<463EF3TW;63l4S63 GEW0h4/L1h383b2[1X4H+3Y>9:5<1l4i1{n5$1"3]0g2K443\2E43?2GP[V>[H1<8t4d1]1R$3G4[~7$2RW1y1_2Q1|4.4O1<4`2G6O2:584B$2 1"2"2t4C"2YUb4 001.4(2A22:4VU&<343U1K'5Y{p1Nb340p3.1r5>"163b364O5*c024n5'q0Y]2I2z2&2Ak2|6H.3232311V+*4D.3j5"1&-+x5]3O3UT<484h0K12M0A64J1N40051x5\3d3B4183A142XD^:K&$1J2U2]A2GUE0f4(R&4l4>2?4m282Q52f4A.5Op224/P2~7{p3c1Ab3B$0+:4*4S>5q1D0z324}2Jr5JW"30253&3d2n6k3/184l4F4Dl4*2H2` 0$3~6.2B2f4!1j4,2$2!2N%k4BPj4w3z4" g31384'01>5b4|r5l2.3D1>&3j4f0Pl4,Y5n56^4d4x3JI3q2f1K5Q 2>6h4q3k5r1|Ix4&5"2T0D2<>5F5 0U:3j5~7 2|5_344H*3Qk6P V 2!3I4>4t2b4[@1h1B301 1x4#O\Y63Zz5 1XQH4385U%*V\s1q4A3e3#l5\CN:T1S154W2,2q5R1$1M!.5j5f4L<2.3=(2P/44E#323F6&6`>d3"2Y6r4?3n384 {2`>3'6{B4,2+4n4`1RGl4l4W=Dt3x5Fz5[2e4`2A@26=2J3D3=.4&7<5 1=p4f5H3*3b423"3/;1D4G;r4a2a3PX5H4M1V1h2C:5N5*3$1V*4CZ"43b4K6"7A$3`|6MI91GG24<3;264#4q6D".4|5F7|5.3+501C1HQ2 1s2S2r5V2]43o1F8a4,20D5[3h3`3=j5:4#v6V3Q3!n502G63=3O"2Ad4;]>44<5GZ2Rl3&92 1&8|6j4C2H?4CZ384,3a5k7-23D68)h4|D^5&401&486|5,3@r593&9[4&2`2h4:3H 3 1;3 d3*2 0G"(2,j564J43"263$3l4:5m3_4J4B5E(2P$3B_583B*(C~6"1n6p4$1g4(2Jb5$1H&2d484M<3A&2"0l5|6C325>"d4d3^~7|5=G_,2t4.4.433PK{A4:4o202x4l4XL2d4I5o3?5.5-L/L}3D7b4f2%3P3%Lx6=423&10h3>6a6Vl4d4(0p4'&3 P(2YT2`3*2c2<5A`3=5,2H`3c31#j4d4)'@3k844E02B6Q<4z5k9$2.3G\8%B7I6`E.4&11x4o4l5(2.(h4:3/b3v6 0O4:4"2j5O94&302.4838303p5|5,3:463d4:5`4p4y2t5G=6'y3f314T303{D~7 4&3Pb3I7z6V</ 1j1NW<{3$2|7P*3r502!4B/2.5N 5z6"3D8"1K:56415YJ*3x5SH72*4!n523h5l5Mf4b3a7.5.4,0J>4d3:C4Jd5J5Z~742&4a8;t4>4CSUE]Qi2Lh3:38324;X6*4B1P42n6=42r5p4:532*5PN6`H5|5&395|6f5Kh3[5'7R2M2%*(2I8L:3y4,24387j402K2.41l4Uq7G,3C"1Z4:3)[I16I9VP4S39603;4`20_,4c4|8YJ04*2||5:4O~7y5N7r4&4t4*3.4e5&3z5]4@Ez6<4#r5j4|<,4ZQ83Ff5i3UB23.4w4,3H6 2b6`2Q4I10>5}*3:4!V4*>4-F9<C-S4~6y6y7E,3,C[6r5=7#44B!'8/3"1r4/4MM05_3N8LZ5&1283GY7#|9&4Bc524(@4R3_43R#^6SL3+/23443"3Tz5UB`2\4P5+~7$3*BR4M(1Z6 1RU3)(2r2g5V(1r3,4|C %49$1[7~7T4S5#_Jq8II,3R 2;v5>6PG5T 6x4L(1?M3>5|$2^7Y;h6i4&3LK7t4y8P6?6@E1DU4401#F 1#5p6~6C"24443I11g6\5Zb733e6h7=m4&3$2H!`3D`.5r5y9[01A5,3[&2u0:YU88E2^7x4A\643B8(223x517J55M$3Y 1V5x4E43HFS_PK6$1|h884V03Nn7XQ83&4v5B<4Tx5D9f523~6Z7"2,363l4Z(1U4(3p7=03Z8"1q9O02{4"1n6N9<4F10M,Z63j2EUj4!584.5232]5V6#22H7(1U5l4j3*3t5 y10Z9*2J61$w5>5 QC_C,324V7HWh9AO5k10{z6Gl6~7M4JGN10F=,L4&20E3(2JR5,3+73,B9b3n8<4:42@23I:4]6R6'd4>6HU&13(#$2P3344]"3Xl4S6@G643K8l7w602l4B10HA<4i5&3&3T,4<442 1D10 124q10|t6/5z6Y*4$3\B11r4<4"1$2i6N11P|52j444"Qm5h10*3EL#Pj406 1z6@574<5?'m624[8d6H+6 2v175}*6:497-1n6`218d7N}4g722l534D"4$3\7z6f4}5#,T#6T;Lf5R7`284([9r4I12}Kf5Md82I13&14_b3B12&3"<443;5r4l51x5:5Gr4\;6B&3]98%B1389P"3(82p4"3>4031902J7Mj5*3Hx7I146,X44`5~6<3l4!&2W&83OP0235*33;Y.5Lx4XZ~643 707APV8r5Ip3l8(1V9m7*7/t7~6;7.40&2+D11 2A6$2R8KG7h11j5_h12M\U6@>6@:4E`6K&4&15t8E=8K8g8g9Zf5-2!6"26:4W3]7t5TX7BC65w7}6ISRKP7Y<5Vi7=9/676n5w836O@N12r5V$r55[10h13`399H802L5.4%5"5;8j6:3t9`2,2z7_<3z6!7M`83$308L.34{5Ud3h4;964CT.6.456J8*3!8|s3*3\8&4>7z5v5@64 8-3i8x457K9642B'N13WFM5NT<4%Z10s4Ar6l4 Q5/7?7c6$2Y_M(1Dw9=110X8"2M_:GHg10>5X02v258M:4`384n9T"/8Z 2b3UR92;K 2L&U7U8!o5>c7s51X)D12Mv3z6z5l5j5`3(226}7,>4n10^$2+7+n11q11"2E4 0MQj5L`&2n5i9:4/{6(2\9"+h4C5X 9O"1&3IO65T5Y8B14<r4&l5k11`383.5XX9:3.4#7&3b364Q6P(2x4b3Z64&3&16D1302;1059|5>6Q7O7 10VVC*3@677:4h3;11^8*~6"222W\h3SW4Oz843"1Q837y11Kh3J9K10p8"b35B15B16$28342l4KFr4v443$2T6w10*3.7$302F11 2,1Y9,3q12:5J10>8,4F 1~6+8'}8V*4#8Ce701;12D14'd3X10,3:42?8ZG8f6o6GY10,3Q|5"2Z>6{7!9h324w11Cr4V10"1r7d4b423910C`$323<l5%$4T.443222284A~6J?97&17<J11I>4t482EC[11a944Z11](~7510.8V11p4$5?z6Y03@<K11.4<5|M$2b8:4@h3%6'*4`7$|>4{8A$3z6 2`L6`3!03l4~6t423(3c8R03L"643!B17]8&I15\"7g11[X11,3|10 0w12j5*8(2,2E5[121[Wl901v5Z12S7_6422`r4+9G}g12i10f7^9^10$2>5*2FYL7
