T/9~7t020t5L0?083f0X*3{0Q.5O0a0K0\0%(3,_K1CK>0BR>5R>,0 240X(0ZW5|0Q>623%ZKf1.4C'+OFV04Tx52B$0D"0082P0 1:4f2b0)0,4O<{1T8B=z0(^0'0>5G>6l0{Dh3y0H0h4|1r0Q 14364Q[%R0d3[O124T30T0,1;41$2/023F{:4K~7&350R(*0?83j5h4]002n510@0(3(2=q00q190,4(FT}0f5-R~6_0*3E31&0+0SVH&3P*200#0C84 t4!"1"1T111R1=0B083FO_43x4]14463*4b4z6V:4#1 1232'11@AM0[Kw0219,4 2[0:483.342IWf4h0Q0-0/ %*4=1`3x5"2K*2F0$2+$1<4%082 1&Un5Y0`2L1b384?R[83_K,2E"2 1b3{251o0Y\1Xd0Z&3%1.491,=202!0E'2b4:3A]2I0S00260`Z0<E0DS1[1V.0S"2s0&3Z1|5Q/1(1n0$2B1O2+1.5j5La1L242t4}1X0V<4}2>5b4Th1:4*4TBN"1>6!:59+>6U22?Yw1G\`0l5|5_WF1P13v5[*3CK2)13/2W^1(:5m0\ GMu0BHn1I(2Jo101E$V18071/[TZ2 #2"2W0(3.1F"3&1.5Tx4X>5x0 1{3u1o2l1'3V2-1Xn2D+ ;y1Z;043(2/3Z+21Gx5X>5A:4I>4WF.5h2o3*Z343$K3B2/K402*1A0&3*3>02v6Id3(1T@1YRO3DD0BL-.4=Q*2r5>4m1x1,4T2:4,z5]i08201*|6d1L3E1@.4w2O-2>5Ss1h3;133R2^2H*M1B+v58383P2"2<0"D1`1Q1D2f4V Up0P|2*4E:4D{4AR323+>5D*#3*361ON"G82`*2#(1R23(2,2`2$2\n6f482'4+84Yj4p4Q2a243&4_/(2x422C`.G  2t4~6F223X1SX2Yj5+#/4p3\Kk00.2Jr5NZ470h3(2Z523P3D~6UZL4{5v0(1p182<1023??071&{6G052b1|%2X353?z1p2r5LP4Rl4L:0!D3<5.3Tz6>l2LW43%}5GN3E:4k1{.4.5)2JP5Y81N'R4Oe0C9[2>584I1 0"2A&2&3z6)3&3F*3^NA1L83"182#v6j0Q.302}d4v5:3l572.3H83LLWl303Z43[3't5+3H1b4W/5^Z&2Jb31l5C0v5D4u2]3u3t5H2 0&402<2:4+83Q3"102b3 0>62(2M203W1{T{7.23(1.5Zp3FQO*5412:1Q&5_1&6q24303|F9&2GF63Z6 TX4."2x2x5`2$1:4M3X|*4i1SP6+443P44L$27RA2,4Ub3_2RD5O4,3R5V@2 84):4f3{p3K.4_373f4x4*4d4\22,2Q4SEH>6&76=&4\3,4G144,5(2*2:Hv6,/A(3(2&3p3n5Vt185t4.4`2{8d3;t5*2Y/6!!1V3r4d4R\G2z2~7m2Er1u4*2D6I2H3<3(124SG?,f5Z7"1R655YMP7K5`3] 1h4@3~6RJ0V.3[:2n5'5b243.4y2:3J1:^Z8u5D7H4.3}3~7W,4ZPEu637 1>6f5+<3*4z523b3O$]4]i244>5E2+43Mk27@4 2436Q}d4@5~7V9`24)4.3/7E*:3l5#4WN7Q5|642O5>1J"02D!04q3r4t5$2k3f5"2N0G3d3x4V4q4T842W&8j5b484R7g042d4M464A&223R8(263+o4$3<484R943}|3N,R{9v6El4\4P10T&3W2=3&3y3KK$2f5{10r2r4!2C-M(3.4K$2:4Y 2.5h4)5&9k4;27423E&3Yt2l5j4[4l4K01a3e1Z`3s2*4^>483L5EF3QTG4Ut3&3L6d4Fq58623j5W^3^FER10C1-3f4%3<4Rc0R_13p4'6}4`3i3t4 3T\5GZ&3YRl5:4LL70334h3v5@6IC2\WC3"28Nn5Y1MI363}I4|523-"2F4`2v6|5[5-4`83Z92405{(2n3:5p4$2`4"3=4j4Fd4K'7d31U0$4>2j4"1`[6_4>3$5[0_01[7>5:4e2k5M45g12283I=5X763(2B|6,3<87+|/8"2<5|5 0G:5<6^4k6q664r3z3S42>5(2.4x4u7x3n4p3\6%w3x4W3$63g2&4O67S2R11,6b4$1358-5'856<7c1`2p4.4p3x4A3B*3:5(3[N1r5_(3>4J$2UY2;{11,4 1x4p41Q6&2h37583j563D8M5r5F"2O"1(4(1h4j5=602&3&J2 1B.4J3.3q7,3>5,2&223<5[8x5U1!3.4-6$r4|&2601Ir4>5D9D43N`3(183T"^<3T$7>Q7~6y4LK{12/94!4v53I<3"3<3*}46H43>r5X+5b4[9 2RQ`3P>5?1(5JG5?2z4[1022:*5E3*6>55&3UC92/10j5G 1.6+64z6]L8<8J"242r6>5l5z6$3ZM*3'9N2g3944p30b5RZ10!55D 1A4%4\7:"3x6&WP406x5(393f482425:6.3&2p4X0224f4T|||5G6YS?3s3@7r46x7d3J,2>H563.402V{13O8e3h43Y"582 36 4b6LTj5|t5W47*7h3XOXB3I5Z11Wr5Q(<3XP#5$3R88?4/f522-n507J4$2@8v5j4"2>676232:5_l6L923_5TPSa4m3*2O*2|:*X5.4Xl4.7.5DL%o5&<9'R12z5FZ12x8}5r5i4&3b3f6YL>5{14D.8'>7o6;*244l4j5e4D10:4k7ZZY3 043|6*3{PH.5<408B4]5j5?5C41`5|4#6{15Zt4t4]6$ZR13+6>5H,4A5.4z5 ,3.5Hg4]r7+7t4<5DZ*3`02`WT3|5574<K6"3b7DJI!6$2_6r5LB}6U2\q823|5$8`609GBb3CVy5\8'10I6x9:4e5>5>6k8(2402=O7*3;&29W[~6.9_z501C5&4*4FG7XDN]Y4#7DQ614f5D&.458h5#8}$9{16Z<3E4V"}Y8443(3T23Bv6o777\959$10S`73YGy6+883p4*8&482!E5UWb80:3&4f5&3FA6d4,4M663*3*3CREV 0..M03(337K3848LD11'x4T4S<4464B23(*4*.5B5`2$11.563Yx5$2B-O8u8443.3`*2$2-7z643 1L10>.4)F,7M 1 1>4u903?VT583^5p302"1"1.10b9p4b3'YQT689~6"4p5]7F5S3%5S43N"2Tl5n6.4Zr8`8.11$2d3r9z6Od2&z5Z01":4&3$,4 1"1:)@9:3w4'11 0} 0J5:5<d4=7D12SL11(1^24a5,8`2U3.{,3M43I7w5R14SS&f7U 2!025<4v1\10Nt4L12Zw6,H6Z13S48315Ah683J">4D13n6+3TQ*03s4d3K7l5>5`3m4N&4%6Gp3h7t5"3;H 1?6[|6[11$2S"2X6((2,4$2=8<4M 164E6-8l5/}Eq9Q/0v5D03*2l583W(2?7F-9z6&4 1x10X7(2+',3AF:4(21$2'12$11v6~6510w7z7J6;r5>4/78x5x5D14D15<I8X8t6"2c272&109h4#9K`3b3&3b10[h3[1284,325/11<10[F.5m5'13-+9P8.4<11V5ES$12(6M%+10T 05%7d3,@#10 5(165/>6-10&4`923>5&3Bb11P^U4W39Y5_<12y7&11P*3<1326"2Hl7M 0.?8q10n6M7C 1I9u10r10't7 6Ee6Q511@S"3UY663516,9!7t8|5NXB6010F,343Kh8B\11V"1$2V"2S5I`001 1E&2H723Yn7~7o8$*2d4`LL13(2"2310J7)6&4BM^6<3<4311@10Q8]84;E7*3}723x11$3:5%d4Q9Ib3?979"2&d5Q/12Vf594P9d6N44@A7]&3]9>8$3>5Y.5Fb3$2/13[r1195z8,3(1"5,-11$1|<!N3<14b4.5V.4.3G_,3p6X9ZYZ14@11(3 2|6U?|52403Q`3`2p4(263:7&4{_X/G;>5`3;3HAQ10]=9:4(2*2d327A@12/\12-12R15 7F/64z9 8>5[13s5'%8J:8 0,4>9b4p4|7*3-02n5SK$13s6~7z10j5%{17*4|6v2(2ONW^7<5\*91(1d3P10e7,3 1Il8C6"2A8Jb3P24&m6#11=10SR16|6O9#%9`2b12{!8`2.A49x12)7:5*3l9{18n6:4>10$2|+11I%410$2B7#2201:363]10U\T28d7%m7|69629*10|h4(7?10/(2d4.'Wz6<15!9Ov6\c3RV6C7%4S6Q411r12@13c4.12:4n8,Nv3K844Rs7G823LZ810m8.484EK,4=11b3&12"3^W4"R1702E`10g5O`2q11#12<3d3v4CT7.83J`11Zz5:4B63U5_7H[14$2BOi5710*4j1>6.4v5"0203P,4-<4r5U*2.4711|84K22:4\13t4>6:4%1023$14b3f4Gx4(&3(8D16D17l4Pd3"2A9a6j5*4*4r4{1902A01(9}0;S7512w8Qv6'U&3 1`12:4`3'v602M8]60`1303011712z6*11RKL14.{h9{L{20NK>EV7 1b13"1d4i6\GRt4943p3|6.&3BR63O10!10l10F%11 2412"602;@14[15-13D?R:3D82U6z5(n901223??11.3j5-&$2H8r13T$243HIS%F6"1Mj2l5A01*4q12/14<566r4n6QY7`S8Wn1022,4R18Nt4< 0(1'~7.3M9Af5T8.4P11.13"2C8v5B8:5X10*4"7M10FVF7P210.>11Zd8Z^8n5B<5f8K9X<5h422.4x4A10Kh10c5z11B9C}b4EUR<5g623|6}8`,10^9.4n11OOU7J.3W@n12#13Bu11Ka7QIF8d3<3'(3*243,3>N,3 T^G,3O8<4513x13.14V 11TYp3Q`3a8x14514R!11>6t9r4w9&3$15>6&302>5811XC9j3O11r14h4XJ8i7,3:9!^l11b3[16j4v6 1=R19Z84.4+121_8Zb4:4/15?12V|6+j467l583<16d9n6t5^:5AV817"h4O12o923\Wj4&3R>6y8n6(<4p4>5(2(1b3!12-14F!13|5}9`,2`14812U|9@15m918}`MM5.3$16t4 102VBU8z5.483?f4R:4.4N312`3(10%12n6[17,31(11DQV9$2(|:3E8g7G9713,3p4I-E9l4U9Sq13|9*3n6Ae8, 0C10k9:5"22g8=03+13<M1182?13x5#,3JF-+j5b146402z12l4!=12"2.4!I413<5013`1502NV%&EPE1083:5E>4v7$2*343P12C11v8L15A313 2.5T&13211E1124*3n6<5-4424z664)8:4k10|SD014(2(12/d4,4'14Y 0<4^102"2D^11P43#|5S"1M12,w10 05K6N4ZZ63{21|10)DCK10}d4j4W02G^:10Z>5W*12n6l4q1441424<17*4l5R$2y9H9H10z6F9Q>5+148W5Rr4j6 0>d10B|5\;>12d11Y819|5Q.53VU(3Q},3(1E12z5x15j7"2k11Y9!14>5#?>!:423t4d4232Y100l5*2,2714x16A,2WFe9Yx176464_$1TA%13W<]01d3t1019P43.#b15Q(303El4?14x18&14(1Mh3! 223G?1543)935f9"3(242813u12i8Ul5`2s8p7I*W6`3Dl12I10&1523 1*2F_9+15.4X11|503N~7"8110/16U10*202.4b16<>5<3A"9HJf106S)10-1502"2<3:VVs9n6k12}10X12m10"1.5^M|11a983:1102A42[ 2(13^!8g9/-164}11a10&U83d4*2&4!15"2< 2.3E13G`3>5#14|12S964S?16l4SZ>4<18%Cj8$17(2Qs10S:Q63<p468(2Y23b3$M.4<*3C12111|GE01p4=^12814*43X715r15Gk13E 0)0263,3S>4Nz6_10p3&3$U(3j4v5HUQh4<4b4+S10?17\(3)11J9`3"3M=13"2<33=,2.3}12v9>5=14)12Y1122(3=QTX*264,31;*2:5D18`28151>5U11>5L16 169d3112O?18CLH11816*3,o10O13`IQ\14 1%314l1302>50z5l4`2#z13N$2$1249716>442&16r4T$.3!16T9C13JG10;Tf11N5|23A.15HE14~7L[18A11r4D19>$3[19x4K1124K12[20j4Q\15>4P13(149'817"U12~6p3V,3(3W7v10f5|6p4C02:4R20P14$97NO14x4P15](BI11"1[21Q11*4W`2Y2;422/17f4Rv5*3`2=158Z&4i9:D2098&17<3l5}13V.4 0B10v5Yn6:3v5= 9S>6f5#f12g10a11N&515Ju13h3@<4:4F10,3:4E15=16UN_11x4%#|1343@43:3p4G11p8;015m11+6l41.4?19:3|.X*3#15(123X13"1[$O15^"10/: {22&3a12`3+84V7C24 0j9<~6$18J113Ag11"3]11\7<4(2f13&3C1j10} 1Z15AR21E&3K43415Ha13r4h3>6v6,3Dt4Nx5z14FH83(15K<19n6v11(16'15(2*3$190J10.23BB11v6_1243Y12S818?p4T10`3,4j11&3I12WRTT03)13|14t4,3{Zt11G12 2k14E16GFn6n5!z15X14[O16I13,3~6|6P16`$3D21834402524v122302l14,11[W02#16!17@16D(242Z~6p4+_942<4%14>13}14 1J1143?20`16~68342J12?H(17>6|15E17|5Y%&4717y10'82&f14l5|W+16Vv13&3#1/}G13(2Ud4<20_&3&3x19016*4S516N&18017V>483x20u14i10q15"11B12"2-1764718<2163Xp4U13'16&4P17W@17"1g12?p4p4f5v6*4'114P18"`3<22/18E18X|6R22Y13L17+17p4F^*13H&3Z16Ab4AD22J22WY14z16>6{23.4I44J!18 02Y63 Nd3E19)m12?3W8b3*14x21517K01_(2l15U14>5ER!0k15"3L5p4a14s11r4R"y11UO;5b4H12_&342U23PPWv5G14115l5Y2P19f159||16:4_13d4)$2f5$20E20:1202J|;6;7<42Q12a15$*!L18r5A12(3$2q16"1g13b4B>4n5&4_T;Cy12o11Y15e10n13t12t4h3B13$3a16`17W}HO17@18,1243z6P!XN84^64R23&2z17:3I$2-J13Vt5F21264<4<4[22i11f5@r4&3FR24|Rn14V10*3(3PC610h4Z17HDb17x5K13t13N3`2I%819@*.4`,2v14H2018>4"f16r4,3S11^136n15Tr4T820"2!.16518O1882^14Nl5 10XLAv5_,382+1843$3f4Rm13a17L19?Q13"12YA13:13@19]12b18<4 0O5p3T11O2t4L20j12719.V11*3F11,383x22&2|5.4M! 1*3\ 11$;8|17Y16CM*15{24t522/Z`2|6q17~6$26\163j5W9B7:K:3C82x5}T12$1|18"1L21K14TC%J14/64MD23$2v62v643FBo12DTE21"2 0*{Y*l16B(18p3*16$3(19M.17$3|M\17C14v15{25U15Q14|6720S@U%e11*3h11,(143611f4h4X15`18,3(3%5Pr16303JV-GH^p4_N:5WS2323]13.5V12=p4!X16-{26 b3"&3z180b192ZU16?h3}15r4:4^15b3H8399l5Gz6(2022"2[[23^Hr1763:5u15/19+(2f4W10>14*4WX17|M13d4v16W11<4J,13U3?})14b4[h3j13_14SD&3&1901923.401:4!=17.4YU17519.4$2(21Xw11O19OG&3h12P20612_Qt4A(2<23x5F$1.4 1@20{27"2w12}(1&2OC15|Q{281B14L22X18MP21,3}213214;9:4R>5 12T@ 0?21`_&<463.4D/20JB=18GN64Ob20 0!19*3G15MUB"13CV13=19Sz5E520f4FU18$@2143I"2 1')k16<5$21>4Z18$2X44t14n6&4S,2&3K15Ad1243B521'17b3j14,14D%U82m14V02U*^M14Dd4A}16=*4*2)y13W&y14P$"1x23.186&20.19U<5_E22m15:14Vw13|5%W[24G16z6Yd3=20.4&3:3(2OM315:5>6d4=21"1M"2h4,2,(2NA:3a18x501[$3;*17$22(3GEL23~6`2=22c6<$1W*4%]14z68202Ww14[25(2t15/%'j5Z020v5&21N;10G~6.5}17>15n5}<4l17>5t1684O`3^16i1223>5(2>16Gd3C16b3/21?22;11 1E23%15l5 0;m16Ht17f5.4&821Y17Zb4Dl5IO20"14\18LZ19E0144Pj501'18k17910,15-18AB613b4X19_15$2^17>6(3[%G23*3168G_:4 0:4-x24VE!2063  0n643d3t5)15D8z5^18215f5U19Q1584R25Un5J63!y15)16T13`2t5d3n16Y18J*j5-19`2/22J$1/23}02$3K),3822z19z6/<}b3t5x25MQt5"2r4-,3@22Q*3&2Z2084x26B<3t4,16^19E24k18v17*2 (22^20p4z5823N64+"3,4,3|5-20j4e12&4P2344J1544;12x27;13AX20{29N83Y 1:5S12l4n6k19$2"15317Yj5:4`3JT*>4F.4U-21!21d3n6W12&3_<3X21L24 1]A43a19*3JI 911Dl4-g14N6$q18&22JSUW13u16l4Xh13.22X"16(#17_16D!42 0'.4I14@n6$2&2N{30L*3>17RW14522,17 1S13@LA23F 13?23c764%16!22>18$2(!z5c8)1764M>6>6r5UQm17i13f17523SV14V15\S14$2$:4G$23524L25l5$3~6d4b3*3d33D02G17>5021>19,2:*3.3Oz6|(2&4R260f5'Q3V16@p36483`JT$2}4b21`19n6r18r5K.^21:4x2884d3r5*3^,4Rj402n6R|6ZT14A14<24(1116b302`20L>4.5{q19&3+1983]15l5_17 2[C,3*283F721:5T$1&3JM"3&23;1411723{31::3,372264O21B15216f4*38441602Q1602{>23525318p9{32BW15'i1443B{:5
