.3X0<4903J0v6,43E0:0l5>5x4#0z0f4N,3n5C03*300Y0W0`2`Pu0(w0 280L 0Bn6-0A0L0(3FD-1J1Z;:j4[0:170 ,383Ql0R0D0h3TW1%0f5l5&084,0M0&3r00US0=0[/0R201i0.4H0&L<3w1;0`3=1<4p4<422H15(2t423I0n6"2S|0?021Z0N0@`2Z,1N^0$1<0|6,3q0X144 0q1/%1<1E1!r1t4K03(0@3.4M)2/11HU0h4(1j501Wc0Kx5Bx4v6q2|6UR1~6%O24 13001M1UG084*383$0"3B@Sh4XMD64x0Bo09V@x4D1845On0O0*4H44Z1+0,}|01n523J|6{0h3|1b0(2>6`0Kz58f4]w2h4RH2b4D2d4n1]#y0It4315\0/j4:4-2j4P+1| 2"3n58@40U9&3Ia0Z2I1+"1BH`1.4h4s043]%2Y832271,2t56/,2t4(3d0J0190<4^1721`3B0v0$1&1r2/2'.5$2E$2j581:;\>5Q0`282`3i1|2f563:3d1>0I1A-3C 1z6~702<4!G1<2$3K<3b3j4M2{1$3O&3>5t0 1AT0t4':4'0:3p0&2Vr524/3<4R02Xn2r4%_^2A1f4u103}0.4(Sx5 1JGJX2n3v5,3X60j4U1(2VD3d3P&2`2&4/4(12=RB1V0|6DL1`3 12I2O1&2:4&3"3d4@0m043j4!\ 1L-4+]0<.4d3Z:2 1LI 2x1K041F0<4,3M3c1n4T183x4C0*0$263g02L2<4=Fz5?1R2`202V<4^(2i2+>423r5V1Yh3FO2p1p2f4~702( "3<4x4,32442,3Ie022(2V:3c2[F1Um124G2$43)Mb3573A2O(1Av1u2Kt5R"1v5>6x5x2:#1N19^304* 1.Q1`2,2Zv26,f5X24O350/5.3#2GT2.5'1.5x3;1>74 284x5Z43y1*Il4P0(2Zf0L,322l5UP|5>5/24 0>5$"2d3v6i3]+2]&3A3["2e1(2*1~7B2@}J2,4t1&3V",3j01a1NC1"003I[,4 0"1^8C2r5>,27H3[t2$1U@1Jk0p3|m2P$:MRw3o1&2Bg1O4d3i4/63 1d2}1m3{2(3Kq3F\1NLc3@n5$22b4(2!]1!-G*4T24+3_0[1Ib3(2$2|5YF_f1&2W6V2<V\b3l4g2L@2a2MM4,2L3C3>5Qv5|5>5c4p424w4K1*4Rz6MKd3%3#>4Ad4[e2:524H\2Dl1,2)64~7(3t3/F",YMb4Mz1X4`]~7S1[2^405*2M.4&3K2-5.0o282N`23h3RZ"2025i5&4}!Xz643r3,4Q&3_A-O*M5ZQ[3(j5"20~6E43d3#3w542l29123N32*2$2A4+v6d3n6t4p4>4(2j4$2z6^5<4P1,3(2F-6Y/606LKp4n6*3*3<4(10V&2Jv6U2*2XG>[&3"3U`4t523=%4*3V4Te3r5)0`2}2Lw6B3>6p5P}31G3[l5n5Y23Yf2"3;%HXD4d4Q2S24R30&ZJ3LT$2e4`563h3-A[4$1KV3c5&XPB4>6:Z>*3G33y2U3]<32)1*"1d3|&4,b4z5l4q4]T>4h3&3)2*2H]X"3[\O5W34/7s1_1R492a3,3,3YOL&>1,347"j17"3f5Y182)NRh3,4>>5?2G.4;2r5"43;(302G 2r4e5<5h0p3|5&4P2!0:,3k1C:5@^6;^77Ua4r425|>4J<3S,224?3y3|Pc6~6h3N.4<4+H`3H>5*4H4s243`6&5@3~6p3?L*3/AC4F2z2X3D5g3>5<4g4 0Wv6S2A5I=24f4F)3l3B/8f4|5Ag5".32]%01<4]2p3WPf5Zx4(3t4G*4e6A6>6SCt5{3'F,<4J4/>5,B5P3K3Z`D6|6Y<4^Vb4"4f4f4!SOx5$:4Q"5|6:4Hj2h3W243F3|6J-726FQA"a5A:4(]3"67^x5j4:45111.3QF23|6M66M.342v5,%PSVM&4S3b3}442.5h4s3G4Lx5<{4B43O%XDl4J5$342Bf4AGx6x4}H!1R5l5 2x4V;v6p4GQ3o3 3/9$3O43#P"7M7Y75o4#4r48|3>Q`7?@4&202J(107.3Z35WKz6(U*4W3X&3YB*3,5M8
